[INFO] Scanning for projects...
[INFO] 
[INFO] -----------------------< com.jin:xianqu_backend >-----------------------
[INFO] Building xianqu_backend 0.0.1-SNAPSHOT
[INFO]   from pom.xml
[INFO] --------------------------------[ jar ]---------------------------------
[INFO] 
[INFO] >>> spring-boot:3.4.1:run (default-cli) > test-compile @ xianqu_backend >>>
[INFO] 
[INFO] --- resources:3.3.1:resources (default-resources) @ xianqu_backend ---
[INFO] Copying 1 resource from src\main\resources to target\classes
[INFO] Copying 2 resources from src\main\resources to target\classes
[INFO] 
[INFO] --- compiler:3.13.0:compile (default-compile) @ xianqu_backend ---
[INFO] Nothing to compile - all classes are up to date.
[INFO] 
[INFO] --- resources:3.3.1:testResources (default-testResources) @ xianqu_backend ---
[INFO] skip non existing resourceDirectory E:\testJava\xianqu_uniapp\xianqu_backend\src\test\resources
[INFO] 
[INFO] --- compiler:3.13.0:testCompile (default-testCompile) @ xianqu_backend ---
[INFO] Nothing to compile - all classes are up to date.
[INFO] 
[INFO] <<< spring-boot:3.4.1:run (default-cli) < test-compile @ xianqu_backend <<<
[INFO] 
[INFO] 
[INFO] --- spring-boot:3.4.1:run (default-cli) @ xianqu_backend ---
[INFO] Attaching agents: []

  .   ____          _            __ _ _
 /\\ / ___'_ __ _ _(_)_ __  __ _ \ \ \ \
( ( )\___ | '_ | '_| | '_ \/ _` | \ \ \ \
 \\/  ___)| |_)| | | | | || (_| |  ) ) ) )
  '  |____| .__|_| |_|_| |_\__, | / / / /
 =========|_|==============|___/=/_/_/_/

 :: Spring Boot ::                (v3.4.1)

2026-01-24T15:44:25.011+08:00  INFO 7772 --- [xianqu-backend] [           main] c.j.x.XianquBackendApplication           : Starting XianquBackendApplication using Java 23.0.1 with PID 7772 (E:\testJava\xianqu_uniapp\xianqu_backend\target\classes started by 14253 in E:\testJava\xianqu_uniapp\xianqu_backend)
2026-01-24T15:44:25.015+08:00 DEBUG 7772 --- [xianqu-backend] [           main] c.j.x.XianquBackendApplication           : Running with Spring Boot v3.4.1, Spring v6.2.1
2026-01-24T15:44:25.015+08:00  INFO 7772 --- [xianqu-backend] [           main] c.j.x.XianquBackendApplication           : No active profile set, falling back to 1 default profile: "default"
2026-01-24T15:44:25.634+08:00  WARN 7772 --- [xianqu-backend] [           main] o.m.s.mapper.ClassPathMapperScanner      : Skipping MapperFactoryBean with name 'areaMapper' and 'com.jin.xianqu_backend.mapper.AreaMapper' mapperInterface. Bean already defined with the same name!
2026-01-24T15:44:25.634+08:00  WARN 7772 --- [xianqu-backend] [           main] o.m.s.mapper.ClassPathMapperScanner      : Skipping MapperFactoryBean with name 'chatMessageMapper' and 'com.jin.xianqu_backend.mapper.ChatMessageMapper' mapperInterface. Bean already defined with the same name!
2026-01-24T15:44:25.634+08:00  WARN 7772 --- [xianqu-backend] [           main] o.m.s.mapper.ClassPathMapperScanner      : Skipping MapperFactoryBean with name 'commentMapper' and 'com.jin.xianqu_backend.mapper.CommentMapper' mapperInterface. Bean already defined with the same name!
2026-01-24T15:44:25.634+08:00  WARN 7772 --- [xianqu-backend] [           main] o.m.s.mapper.ClassPathMapperScanner      : Skipping MapperFactoryBean with name 'favoriteMapper' and 'com.jin.xianqu_backend.mapper.FavoriteMapper' mapperInterface. Bean already defined with the same name!
2026-01-24T15:44:25.634+08:00  WARN 7772 --- [xianqu-backend] [           main] o.m.s.mapper.ClassPathMapperScanner      : Skipping MapperFactoryBean with name 'goodsMapper' and 'com.jin.xianqu_backend.mapper.GoodsMapper' mapperInterface. Bean already defined with the same name!
2026-01-24T15:44:25.634+08:00  WARN 7772 --- [xianqu-backend] [           main] o.m.s.mapper.ClassPathMapperScanner      : Skipping MapperFactoryBean with name 'lostFoundMapper' and 'com.jin.xianqu_backend.mapper.LostFoundMapper' mapperInterface. Bean already defined with the same name!
2026-01-24T15:44:25.634+08:00  WARN 7772 --- [xianqu-backend] [           main] o.m.s.mapper.ClassPathMapperScanner      : Skipping MapperFactoryBean with name 'orderMapper' and 'com.jin.xianqu_backend.mapper.OrderMapper' mapperInterface. Bean already defined with the same name!
2026-01-24T15:44:25.634+08:00  WARN 7772 --- [xianqu-backend] [           main] o.m.s.mapper.ClassPathMapperScanner      : Skipping MapperFactoryBean with name 'partTimeJobMapper' and 'com.jin.xianqu_backend.mapper.PartTimeJobMapper' mapperInterface. Bean already defined with the same name!
2026-01-24T15:44:25.634+08:00  WARN 7772 --- [xianqu-backend] [           main] o.m.s.mapper.ClassPathMapperScanner      : Skipping MapperFactoryBean with name 'postMapper' and 'com.jin.xianqu_backend.mapper.PostMapper' mapperInterface. Bean already defined with the same name!
2026-01-24T15:44:25.634+08:00  WARN 7772 --- [xianqu-backend] [           main] o.m.s.mapper.ClassPathMapperScanner      : Skipping MapperFactoryBean with name 'userFollowMapper' and 'com.jin.xianqu_backend.mapper.UserFollowMapper' mapperInterface. Bean already defined with the same name!
2026-01-24T15:44:25.634+08:00  WARN 7772 --- [xianqu-backend] [           main] o.m.s.mapper.ClassPathMapperScanner      : Skipping MapperFactoryBean with name 'userMapper' and 'com.jin.xianqu_backend.mapper.UserMapper' mapperInterface. Bean already defined with the same name!
2026-01-24T15:44:25.634+08:00  WARN 7772 --- [xianqu-backend] [           main] o.m.s.mapper.ClassPathMapperScanner      : No MyBatis mapper was found in '[com.jin.xianqu_backend.mapper]' package. Please check your configuration.
2026-01-24T15:44:26.074+08:00  INFO 7772 --- [xianqu-backend] [           main] o.s.b.w.embedded.tomcat.TomcatWebServer  : Tomcat initialized with port 8081 (http)
2026-01-24T15:44:26.083+08:00  INFO 7772 --- [xianqu-backend] [           main] o.apache.catalina.core.StandardService   : Starting service [Tomcat]
2026-01-24T15:44:26.083+08:00  INFO 7772 --- [xianqu-backend] [           main] o.apache.catalina.core.StandardEngine    : Starting Servlet engine: [Apache Tomcat/10.1.34]
2026-01-24T15:44:26.138+08:00  INFO 7772 --- [xianqu-backend] [           main] o.a.c.c.C.[Tomcat].[localhost].[/api]    : Initializing Spring embedded WebApplicationContext
2026-01-24T15:44:26.139+08:00  INFO 7772 --- [xianqu-backend] [           main] w.s.c.ServletWebServerApplicationContext : Root WebApplicationContext: initialization completed in 1080 ms
Logging initialized using 'class org.apache.ibatis.logging.stdout.StdOutImpl' adapter.
Get /198.18.0.1 network interface 
Get network interface info: name:iftype53_32768 (Meta Tunnel)
Initialization Sequence datacenterId:0 workerId:11
 _ _   |_  _ _|_. ___ _ |    _ 
| | |\/|_)(_| | |_\  |_)||_|_\ 
     /               |         
                        3.5.7 
---------- Static Resource Config ----------
Mapping /profile/** to: file:E:/testJava/xianqu_uniapp/upload/
--------------------------------------------
2026-01-24T15:44:27.711+08:00  INFO 7772 --- [xianqu-backend] [           main] o.s.b.w.embedded.tomcat.TomcatWebServer  : Tomcat started on port 8081 (http) with context path '/api'
2026-01-24T15:44:27.719+08:00  INFO 7772 --- [xianqu-backend] [           main] c.j.x.XianquBackendApplication           : Started XianquBackendApplication in 3.017 seconds (process running for 3.294)
