[INFO] Scanning for projects...
[INFO] 
[INFO] -----------------------< com.jin:xianqu_backend >-----------------------
[INFO] Building xianqu_backend 0.0.1-SNAPSHOT
[INFO]   from pom.xml
[INFO] --------------------------------[ jar ]---------------------------------
[INFO] 
[INFO] >>> spring-boot:3.4.1:run (default-cli) > test-compile @ xianqu_backend >>>
[INFO] 
[INFO] --- resources:3.3.1:resources (default-resources) @ xianqu_backend ---
[INFO] Copying 1 resource from src\main\resources to target\classes
[INFO] Copying 4 resources from src\main\resources to target\classes
[INFO] 
[INFO] --- compiler:3.13.0:compile (default-compile) @ xianqu_backend ---
[INFO] Nothing to compile - all classes are up to date.
[INFO] 
[INFO] --- resources:3.3.1:testResources (default-testResources) @ xianqu_backend ---
[INFO] skip non existing resourceDirectory E:\testJava\xianqu_uniapp\xianqu_backend\src\test\resources
[INFO] 
[INFO] --- compiler:3.13.0:testCompile (default-testCompile) @ xianqu_backend ---
[INFO] Nothing to compile - all classes are up to date.
[INFO] 
[INFO] <<< spring-boot:3.4.1:run (default-cli) < test-compile @ xianqu_backend <<<
[INFO] 
[INFO] 
[INFO] --- spring-boot:3.4.1:run (default-cli) @ xianqu_backend ---
[INFO] Attaching agents: []

  .   ____          _            __ _ _
 /\\ / ___'_ __ _ _(_)_ __  __ _ \ \ \ \
( ( )\___ | '_ | '_| | '_ \/ _` | \ \ \ \
 \\/  ___)| |_)| | | | | || (_| |  ) ) ) )
  '  |____| .__|_| |_|_| |_\__, | / / / /
 =========|_|==============|___/=/_/_/_/

 :: Spring Boot ::                (v3.4.1)

2026-01-21T16:23:10.745+08:00  INFO 13396 --- [xianqu-backend] [           main] c.j.x.XianquBackendApplication           : Starting XianquBackendApplication using Java 23.0.1 with PID 13396 (E:\testJava\xianqu_uniapp\xianqu_backend\target\classes started by 14253 in E:\testJava\xianqu_uniapp\xianqu_backend)
2026-01-21T16:23:10.747+08:00 DEBUG 13396 --- [xianqu-backend] [           main] c.j.x.XianquBackendApplication           : Running with Spring Boot v3.4.1, Spring v6.2.1
2026-01-21T16:23:10.748+08:00  INFO 13396 --- [xianqu-backend] [           main] c.j.x.XianquBackendApplication           : No active profile set, falling back to 1 default profile: "default"
2026-01-21T16:23:11.829+08:00  INFO 13396 --- [xianqu-backend] [           main] o.s.b.w.embedded.tomcat.TomcatWebServer  : Tomcat initialized with port 8081 (http)
2026-01-21T16:23:11.842+08:00  INFO 13396 --- [xianqu-backend] [           main] o.apache.catalina.core.StandardService   : Starting service [Tomcat]
2026-01-21T16:23:11.842+08:00  INFO 13396 --- [xianqu-backend] [           main] o.apache.catalina.core.StandardEngine    : Starting Servlet engine: [Apache Tomcat/10.1.34]
2026-01-21T16:23:11.903+08:00  INFO 13396 --- [xianqu-backend] [           main] o.a.c.c.C.[Tomcat].[localhost].[/api]    : Initializing Spring embedded WebApplicationContext
2026-01-21T16:23:11.904+08:00  INFO 13396 --- [xianqu-backend] [           main] w.s.c.ServletWebServerApplicationContext : Root WebApplicationContext: initialization completed in 1117 ms
Logging initialized using 'class org.apache.ibatis.logging.stdout.StdOutImpl' adapter.
Get /198.18.0.1 network interface 
Get network interface info: name:iftype53_32768 (Meta Tunnel)
Initialization Sequence datacenterId:0 workerId:30
 _ _   |_  _ _|_. ___ _ |    _ 
| | |\/|_)(_| | |_\  |_)||_|_\ 
     /               |         
                        3.5.7 
---------- Static Resource Config ----------
Mapping /profile/** to:
1. file:///E:/testJava/xianqu_uniapp/xianqu_backend/upload/
2. file:///E:/testJava/xianqu_uniapp/xianqu_backend/xianqu_backend/upload/
3. file:///E:/testJava/xianqu_uniapp/upload/
--------------------------------------------
2026-01-21T16:23:13.532+08:00  INFO 13396 --- [xianqu-backend] [           main] o.s.b.w.embedded.tomcat.TomcatWebServer  : Tomcat started on port 8081 (http) with context path '/api'
2026-01-21T16:23:13.538+08:00  INFO 13396 --- [xianqu-backend] [           main] c.j.x.XianquBackendApplication           : Started XianquBackendApplication in 3.116 seconds (process running for 3.409)
