[INFO] Scanning for projects...
[INFO] 
[INFO] --------------------< com.jin:xianqu_admin_backend >--------------------
[INFO] Building xianqu_admin_backend 0.0.1-SNAPSHOT
[INFO]   from pom.xml
[INFO] --------------------------------[ jar ]---------------------------------
[INFO] 
[INFO] >>> spring-boot:3.4.1:run (default-cli) > test-compile @ xianqu_admin_backend >>>
[INFO] 
[INFO] --- resources:3.3.1:resources (default-resources) @ xianqu_admin_backend ---
[INFO] Copying 1 resource from src\main\resources to target\classes
[INFO] Copying 1 resource from src\main\resources to target\classes
[INFO] 
[INFO] --- compiler:3.13.0:compile (default-compile) @ xianqu_admin_backend ---
[INFO] Nothing to compile - all classes are up to date.
[INFO] 
[INFO] --- resources:3.3.1:testResources (default-testResources) @ xianqu_admin_backend ---
[INFO] skip non existing resourceDirectory E:\testJava\xianqu_uniapp\xianqu_admin_backend\src\test\resources
[INFO] 
[INFO] --- compiler:3.13.0:testCompile (default-testCompile) @ xianqu_admin_backend ---
[INFO] No sources to compile
[INFO] 
[INFO] <<< spring-boot:3.4.1:run (default-cli) < test-compile @ xianqu_admin_backend <<<
[INFO] 
[INFO] 
[INFO] --- spring-boot:3.4.1:run (default-cli) @ xianqu_admin_backend ---
[INFO] Attaching agents: []

  .   ____          _            __ _ _
 /\\ / ___'_ __ _ _(_)_ __  __ _ \ \ \ \
( ( )\___ | '_ | '_| | '_ \/ _` | \ \ \ \
 \\/  ___)| |_)| | | | | || (_| |  ) ) ) )
  '  |____| .__|_| |_|_| |_\__, | / / / /
 =========|_|==============|___/=/_/_/_/

 :: Spring Boot ::                (v3.4.1)

2026-01-24T15:44:40.180+08:00  INFO 3720 --- [xianqu-admin-backend] [           main] c.j.x.AdminBackendApplication            : Starting AdminBackendApplication using Java 23.0.1 with PID 3720 (E:\testJava\xianqu_uniapp\xianqu_admin_backend\target\classes started by 14253 in E:\testJava\xianqu_uniapp\xianqu_admin_backend)
2026-01-24T15:44:40.181+08:00 DEBUG 3720 --- [xianqu-admin-backend] [           main] c.j.x.AdminBackendApplication            : Running with Spring Boot v3.4.1, Spring v6.2.1
2026-01-24T15:44:40.183+08:00  INFO 3720 --- [xianqu-admin-backend] [           main] c.j.x.AdminBackendApplication            : No active profile set, falling back to 1 default profile: "default"
2026-01-24T15:44:40.942+08:00  INFO 3720 --- [xianqu-admin-backend] [           main] o.s.b.w.embedded.tomcat.TomcatWebServer  : Tomcat initialized with port 8082 (http)
2026-01-24T15:44:40.951+08:00  INFO 3720 --- [xianqu-admin-backend] [           main] o.apache.catalina.core.StandardService   : Starting service [Tomcat]
2026-01-24T15:44:40.952+08:00  INFO 3720 --- [xianqu-admin-backend] [           main] o.apache.catalina.core.StandardEngine    : Starting Servlet engine: [Apache Tomcat/10.1.34]
2026-01-24T15:44:41.000+08:00  INFO 3720 --- [xianqu-admin-backend] [           main] o.a.c.c.C.[.[localhost].[/admin-api]     : Initializing Spring embedded WebApplicationContext
2026-01-24T15:44:41.000+08:00  INFO 3720 --- [xianqu-admin-backend] [           main] w.s.c.ServletWebServerApplicationContext : Root WebApplicationContext: initialization completed in 774 ms
Logging initialized using 'class org.apache.ibatis.logging.stdout.StdOutImpl' adapter.
Get /198.18.0.1 network interface 
Get network interface info: name:iftype53_32768 (Meta Tunnel)
Initialization Sequence datacenterId:0 workerId:18
 _ _   |_  _ _|_. ___ _ |    _ 
| | |\/|_)(_| | |_\  |_)||_|_\ 
     /               |         
                        3.5.7 
====== PartTimeJobController Initialized ======
2026-01-24T15:44:41.584+08:00 TRACE 3720 --- [xianqu-admin-backend] [           main] s.w.s.m.m.a.RequestMappingHandlerMapping : 
	c.j.x.c.AdminUserController:
	{POST [/admin/user/add]}: addUser(User)
	{POST [/admin/user/login]}: adminLogin(AdminLoginDTO)
	{PUT [/admin/user/{userId}/status]}: updateUserStatus(Long,Integer)
	{POST [/admin/user/list]}: getUserList(AdminUserPageDTO)
2026-01-24T15:44:41.589+08:00 TRACE 3720 --- [xianqu-admin-backend] [           main] s.w.s.m.m.a.RequestMappingHandlerMapping : 
	c.j.x.c.DashboardController:
	{GET [/admin/dashboard/stats]}: getStats()
2026-01-24T15:44:41.589+08:00 TRACE 3720 --- [xianqu-admin-backend] [           main] s.w.s.m.m.a.RequestMappingHandlerMapping : 
	c.j.x.c.GoodsController:
	{POST [/admin/goods/list]}: getGoodsList(GoodsPageDTO)
	{PUT [/admin/goods/{goodsId}/status]}: updateGoodsStatus(Long,Integer)
	{GET [/admin/goods/{goodsId}]}: getGoodsDetail(Long)
2026-01-24T15:44:41.589+08:00 TRACE 3720 --- [xianqu-admin-backend] [           main] s.w.s.m.m.a.RequestMappingHandlerMapping : 
	c.j.x.c.LostFoundController:
	{PUT [/admin/lostfound/{id}/status]}: updateStatus(Long,Integer)
	{GET [/admin/lostfound/{id}]}: getLostFoundDetail(Long)
	{DELETE [/admin/lostfound/{id}]}: deleteLostFound(Long)
	{POST [/admin/lostfound/list]}: getLostFoundList(LostFoundPageDTO)
2026-01-24T15:44:41.589+08:00 TRACE 3720 --- [xianqu-admin-backend] [           main] s.w.s.m.m.a.RequestMappingHandlerMapping : 
	c.j.x.c.NoticeController:
	{DELETE [/admin/notice/{id}]}: delete(Long)
	{POST [/admin/notice/list]}: getList(PageRequestDTO)
	{POST [/admin/notice/send]}: send(Notice)
2026-01-24T15:44:41.596+08:00 TRACE 3720 --- [xianqu-admin-backend] [           main] s.w.s.m.m.a.RequestMappingHandlerMapping : 
	c.j.x.c.PartTimeJobController:
	{DELETE [/admin/part-time/{id}]}: delete(Long)
	{PUT [/admin/part-time/{id}/status]}: updateStatus(Long,Integer)
	{POST [/admin/part-time/list]}: getList(PageRequestDTO)
2026-01-24T15:44:41.597+08:00 TRACE 3720 --- [xianqu-admin-backend] [           main] s.w.s.m.m.a.RequestMappingHandlerMapping : 
	c.j.x.c.PostController:
	{POST [/admin/post/list]}: getPostList(PostPageDTO)
	{GET [/admin/post/{id}]}: getPostDetail(Long)
	{DELETE [/admin/post/{id}]}: deletePost(Long)
2026-01-24T15:44:41.597+08:00 TRACE 3720 --- [xianqu-admin-backend] [           main] s.w.s.m.m.a.RequestMappingHandlerMapping : 
	c.j.x.c.ReportController:
	{PUT [/admin/report/{id}/handle]}: handleReport(Long,Integer,String)
	{POST [/admin/report/list]}: getList(PageRequestDTO)
2026-01-24T15:44:41.599+08:00 TRACE 3720 --- [xianqu-admin-backend] [           main] s.w.s.m.m.a.RequestMappingHandlerMapping : 
	c.j.x.c.SystemController:
	{POST [/admin/system/notice/send]}: sendNotice(NoticeRequest)
2026-01-24T15:44:41.601+08:00 TRACE 3720 --- [xianqu-admin-backend] [           main] s.w.s.m.m.a.RequestMappingHandlerMapping : 
	o.s.b.a.w.s.e.BasicErrorController:
	{ [/error]}: error(HttpServletRequest)
	{ [/error], produces [text/html]}: errorHtml(HttpServletRequest,HttpServletResponse)
2026-01-24T15:44:41.603+08:00 DEBUG 3720 --- [xianqu-admin-backend] [           main] s.w.s.m.m.a.RequestMappingHandlerMapping : 26 mappings in 'requestMappingHandlerMapping'
2026-01-24T15:44:41.769+08:00  INFO 3720 --- [xianqu-admin-backend] [           main] o.s.b.w.embedded.tomcat.TomcatWebServer  : Tomcat started on port 8082 (http) with context path '/admin-api'
2026-01-24T15:44:41.775+08:00  INFO 3720 --- [xianqu-admin-backend] [           main] c.j.x.AdminBackendApplication            : Started AdminBackendApplication in 1.891 seconds (process running for 2.145)
2026-01-24T15:45:34.727+08:00  INFO 3720 --- [xianqu-admin-backend] [nio-8082-exec-1] o.a.c.c.C.[.[localhost].[/admin-api]     : Initializing Spring DispatcherServlet 'dispatcherServlet'
2026-01-24T15:45:34.727+08:00  INFO 3720 --- [xianqu-admin-backend] [nio-8082-exec-1] o.s.web.servlet.DispatcherServlet        : Initializing Servlet 'dispatcherServlet'
2026-01-24T15:45:34.730+08:00  INFO 3720 --- [xianqu-admin-backend] [nio-8082-exec-1] o.s.web.servlet.DispatcherServlet        : Completed initialization in 3 ms
2026-01-24T15:45:34.740+08:00 TRACE 3720 --- [xianqu-admin-backend] [nio-8082-exec-1] s.w.s.m.m.a.RequestMappingHandlerMapping : Mapped to com.jin.xianqu_admin.controller.NoticeController#send(Notice)
2026-01-24T15:45:34.786+08:00 ERROR 3720 --- [xianqu-admin-backend] [nio-8082-exec-1] c.j.x.exception.GlobalExceptionHandler   : Exception

org.springframework.http.converter.HttpMessageNotReadableException: JSON parse error: Unexpected character ('\' (code 92)): was expecting double-quote to start field name
	at org.springframework.http.converter.json.AbstractJackson2HttpMessageConverter.readJavaType(AbstractJackson2HttpMessageConverter.java:409) ~[spring-web-6.2.1.jar:6.2.1]
	at org.springframework.http.converter.json.AbstractJackson2HttpMessageConverter.read(AbstractJackson2HttpMessageConverter.java:357) ~[spring-web-6.2.1.jar:6.2.1]
	at org.springframework.web.servlet.mvc.method.annotation.AbstractMessageConverterMethodArgumentResolver.readWithMessageConverters(AbstractMessageConverterMethodArgumentResolver.java:204) ~[spring-webmvc-6.2.1.jar:6.2.1]
	at org.springframework.web.servlet.mvc.method.annotation.RequestResponseBodyMethodProcessor.readWithMessageConverters(RequestResponseBodyMethodProcessor.java:176) ~[spring-webmvc-6.2.1.jar:6.2.1]
	at org.springframework.web.servlet.mvc.method.annotation.RequestResponseBodyMethodProcessor.resolveArgument(RequestResponseBodyMethodProcessor.java:150) ~[spring-webmvc-6.2.1.jar:6.2.1]
	at org.springframework.web.method.support.HandlerMethodArgumentResolverComposite.resolveArgument(HandlerMethodArgumentResolverComposite.java:122) ~[spring-web-6.2.1.jar:6.2.1]
	at org.springframework.web.method.support.InvocableHandlerMethod.getMethodArgumentValues(InvocableHandlerMethod.java:226) ~[spring-web-6.2.1.jar:6.2.1]
	at org.springframework.web.method.support.InvocableHandlerMethod.invokeForRequest(InvocableHandlerMethod.java:180) ~[spring-web-6.2.1.jar:6.2.1]
	at org.springframework.web.servlet.mvc.method.annotation.ServletInvocableHandlerMethod.invokeAndHandle(ServletInvocableHandlerMethod.java:118) ~[spring-webmvc-6.2.1.jar:6.2.1]
	at org.springframework.web.servlet.mvc.method.annotation.RequestMappingHandlerAdapter.invokeHandlerMethod(RequestMappingHandlerAdapter.java:986) ~[spring-webmvc-6.2.1.jar:6.2.1]
	at org.springframework.web.servlet.mvc.method.annotation.RequestMappingHandlerAdapter.handleInternal(RequestMappingHandlerAdapter.java:891) ~[spring-webmvc-6.2.1.jar:6.2.1]
	at org.springframework.web.servlet.mvc.method.AbstractHandlerMethodAdapter.handle(AbstractHandlerMethodAdapter.java:87) ~[spring-webmvc-6.2.1.jar:6.2.1]
	at org.springframework.web.servlet.DispatcherServlet.doDispatch(DispatcherServlet.java:1088) ~[spring-webmvc-6.2.1.jar:6.2.1]
	at org.springframework.web.servlet.DispatcherServlet.doService(DispatcherServlet.java:978) ~[spring-webmvc-6.2.1.jar:6.2.1]
	at org.springframework.web.servlet.FrameworkServlet.processRequest(FrameworkServlet.java:1014) ~[spring-webmvc-6.2.1.jar:6.2.1]
	at org.springframework.web.servlet.FrameworkServlet.doPost(FrameworkServlet.java:914) ~[spring-webmvc-6.2.1.jar:6.2.1]
	at jakarta.servlet.http.HttpServlet.service(HttpServlet.java:590) ~[tomcat-embed-core-10.1.34.jar:6.0]
	at org.springframework.web.servlet.FrameworkServlet.service(FrameworkServlet.java:885) ~[spring-webmvc-6.2.1.jar:6.2.1]
	at jakarta.servlet.http.HttpServlet.service(HttpServlet.java:658) ~[tomcat-embed-core-10.1.34.jar:6.0]
	at org.apache.catalina.core.ApplicationFilterChain.internalDoFilter(ApplicationFilterChain.java:195) ~[tomcat-embed-core-10.1.34.jar:10.1.34]
	at org.apache.catalina.core.ApplicationFilterChain.doFilter(ApplicationFilterChain.java:140) ~[tomcat-embed-core-10.1.34.jar:10.1.34]
	at org.apache.tomcat.websocket.server.WsFilter.doFilter(WsFilter.java:51) ~[tomcat-embed-websocket-10.1.34.jar:10.1.34]
	at org.apache.catalina.core.ApplicationFilterChain.internalDoFilter(ApplicationFilterChain.java:164) ~[tomcat-embed-core-10.1.34.jar:10.1.34]
	at org.apache.catalina.core.ApplicationFilterChain.doFilter(ApplicationFilterChain.java:140) ~[tomcat-embed-core-10.1.34.jar:10.1.34]
	at org.springframework.web.filter.RequestContextFilter.doFilterInternal(RequestContextFilter.java:100) ~[spring-web-6.2.1.jar:6.2.1]
	at org.springframework.web.filter.OncePerRequestFilter.doFilter(OncePerRequestFilter.java:116) ~[spring-web-6.2.1.jar:6.2.1]
	at org.apache.catalina.core.ApplicationFilterChain.internalDoFilter(ApplicationFilterChain.java:164) ~[tomcat-embed-core-10.1.34.jar:10.1.34]
	at org.apache.catalina.core.ApplicationFilterChain.doFilter(ApplicationFilterChain.java:140) ~[tomcat-embed-core-10.1.34.jar:10.1.34]
	at org.springframework.web.filter.FormContentFilter.doFilterInternal(FormContentFilter.java:93) ~[spring-web-6.2.1.jar:6.2.1]
	at org.springframework.web.filter.OncePerRequestFilter.doFilter(OncePerRequestFilter.java:116) ~[spring-web-6.2.1.jar:6.2.1]
	at org.apache.catalina.core.ApplicationFilterChain.internalDoFilter(ApplicationFilterChain.java:164) ~[tomcat-embed-core-10.1.34.jar:10.1.34]
	at org.apache.catalina.core.ApplicationFilterChain.doFilter(ApplicationFilterChain.java:140) ~[tomcat-embed-core-10.1.34.jar:10.1.34]
	at org.springframework.web.filter.CharacterEncodingFilter.doFilterInternal(CharacterEncodingFilter.java:201) ~[spring-web-6.2.1.jar:6.2.1]
	at org.springframework.web.filter.OncePerRequestFilter.doFilter(OncePerRequestFilter.java:116) ~[spring-web-6.2.1.jar:6.2.1]
	at org.apache.catalina.core.ApplicationFilterChain.internalDoFilter(ApplicationFilterChain.java:164) ~[tomcat-embed-core-10.1.34.jar:10.1.34]
	at org.apache.catalina.core.ApplicationFilterChain.doFilter(ApplicationFilterChain.java:140) ~[tomcat-embed-core-10.1.34.jar:10.1.34]
	at org.apache.catalina.core.StandardWrapperValve.invoke(StandardWrapperValve.java:167) ~[tomcat-embed-core-10.1.34.jar:10.1.34]
	at org.apache.catalina.core.StandardContextValve.invoke(StandardContextValve.java:90) ~[tomcat-embed-core-10.1.34.jar:10.1.34]
	at org.apache.catalina.authenticator.AuthenticatorBase.invoke(AuthenticatorBase.java:483) ~[tomcat-embed-core-10.1.34.jar:10.1.34]
	at org.apache.catalina.core.StandardHostValve.invoke(StandardHostValve.java:115) ~[tomcat-embed-core-10.1.34.jar:10.1.34]
	at org.apache.catalina.valves.ErrorReportValve.invoke(ErrorReportValve.java:93) ~[tomcat-embed-core-10.1.34.jar:10.1.34]
	at org.apache.catalina.core.StandardEngineValve.invoke(StandardEngineValve.java:74) ~[tomcat-embed-core-10.1.34.jar:10.1.34]
	at org.apache.catalina.connector.CoyoteAdapter.service(CoyoteAdapter.java:344) ~[tomcat-embed-core-10.1.34.jar:10.1.34]
	at org.apache.coyote.http11.Http11Processor.service(Http11Processor.java:397) ~[tomcat-embed-core-10.1.34.jar:10.1.34]
	at org.apache.coyote.AbstractProcessorLight.process(AbstractProcessorLight.java:63) ~[tomcat-embed-core-10.1.34.jar:10.1.34]
	at org.apache.coyote.AbstractProtocol$ConnectionHandler.process(AbstractProtocol.java:905) ~[tomcat-embed-core-10.1.34.jar:10.1.34]
	at org.apache.tomcat.util.net.NioEndpoint$SocketProcessor.doRun(NioEndpoint.java:1741) ~[tomcat-embed-core-10.1.34.jar:10.1.34]
	at org.apache.tomcat.util.net.SocketProcessorBase.run(SocketProcessorBase.java:52) ~[tomcat-embed-core-10.1.34.jar:10.1.34]
	at org.apache.tomcat.util.threads.ThreadPoolExecutor.runWorker(ThreadPoolExecutor.java:1190) ~[tomcat-embed-core-10.1.34.jar:10.1.34]
	at org.apache.tomcat.util.threads.ThreadPoolExecutor$Worker.run(ThreadPoolExecutor.java:659) ~[tomcat-embed-core-10.1.34.jar:10.1.34]
	at org.apache.tomcat.util.threads.TaskThread$WrappingRunnable.run(TaskThread.java:63) ~[tomcat-embed-core-10.1.34.jar:10.1.34]
	at java.base/java.lang.Thread.run(Thread.java:1575) ~[na:na]
Caused by: com.fasterxml.jackson.core.JsonParseException: Unexpected character ('\' (code 92)): was expecting double-quote to start field name
 at [Source: REDACTED (`StreamReadFeature.INCLUDE_SOURCE_IN_LOCATION` disabled); line: 1, column: 2]
	at com.fasterxml.jackson.core.JsonParser._constructReadException(JsonParser.java:2660) ~[jackson-core-2.18.2.jar:2.18.2]
	at com.fasterxml.jackson.core.base.ParserMinimalBase._reportUnexpectedChar(ParserMinimalBase.java:741) ~[jackson-core-2.18.2.jar:2.18.2]
	at com.fasterxml.jackson.core.json.UTF8StreamJsonParser._handleOddName(UTF8StreamJsonParser.java:2103) ~[jackson-core-2.18.2.jar:2.18.2]
	at com.fasterxml.jackson.core.json.UTF8StreamJsonParser._parseName(UTF8StreamJsonParser.java:1753) ~[jackson-core-2.18.2.jar:2.18.2]
	at com.fasterxml.jackson.core.json.UTF8StreamJsonParser.nextToken(UTF8StreamJsonParser.java:757) ~[jackson-core-2.18.2.jar:2.18.2]
	at com.fasterxml.jackson.databind.deser.BeanDeserializer.deserialize(BeanDeserializer.java:181) ~[jackson-databind-2.18.2.jar:2.18.2]
	at com.fasterxml.jackson.databind.deser.DefaultDeserializationContext.readRootValue(DefaultDeserializationContext.java:342) ~[jackson-databind-2.18.2.jar:2.18.2]
	at com.fasterxml.jackson.databind.ObjectReader._bindAndClose(ObjectReader.java:2125) ~[jackson-databind-2.18.2.jar:2.18.2]
	at com.fasterxml.jackson.databind.ObjectReader.readValue(ObjectReader.java:1501) ~[jackson-databind-2.18.2.jar:2.18.2]
	at org.springframework.http.converter.json.AbstractJackson2HttpMessageConverter.readJavaType(AbstractJackson2HttpMessageConverter.java:398) ~[spring-web-6.2.1.jar:6.2.1]
	... 51 common frames omitted

