[INFO] Scanning for projects...
[INFO] 
[INFO] --------------------< com.jin:xianqu_admin_backend >--------------------
[INFO] Building xianqu_admin_backend 0.0.1-SNAPSHOT
[INFO]   from pom.xml
[INFO] --------------------------------[ jar ]---------------------------------
[INFO] 
[INFO] >>> spring-boot:3.4.1:run (default-cli) > test-compile @ xianqu_admin_backend >>>
[INFO] 
[INFO] --- resources:3.3.1:resources (default-resources) @ xianqu_admin_backend ---
[INFO] Copying 1 resource from src\main\resources to target\classes
[INFO] Copying 1 resource from src\main\resources to target\classes
[INFO] 
[INFO] --- compiler:3.13.0:compile (default-compile) @ xianqu_admin_backend ---
[INFO] Nothing to compile - all classes are up to date.
[INFO] 
[INFO] --- resources:3.3.1:testResources (default-testResources) @ xianqu_admin_backend ---
[INFO] skip non existing resourceDirectory E:\testJava\xianqu_uniapp\xianqu_admin_backend\src\test\resources
[INFO] 
[INFO] --- compiler:3.13.0:testCompile (default-testCompile) @ xianqu_admin_backend ---
[INFO] No sources to compile
[INFO] 
[INFO] <<< spring-boot:3.4.1:run (default-cli) < test-compile @ xianqu_admin_backend <<<
[INFO] 
[INFO] 
[INFO] --- spring-boot:3.4.1:run (default-cli) @ xianqu_admin_backend ---
[INFO] Attaching agents: []

  .   ____          _            __ _ _
 /\\ / ___'_ __ _ _(_)_ __  __ _ \ \ \ \
( ( )\___ | '_ | '_| | '_ \/ _` | \ \ \ \
 \\/  ___)| |_)| | | | | || (_| |  ) ) ) )
  '  |____| .__|_| |_|_| |_\__, | / / / /
 =========|_|==============|___/=/_/_/_/

 :: Spring Boot ::                (v3.4.1)

2026-01-24T01:35:25.652+08:00  INFO 35512 --- [xianqu-admin-backend] [           main] c.j.x.AdminBackendApplication            : Starting AdminBackendApplication using Java 23.0.1 with PID 35512 (E:\testJava\xianqu_uniapp\xianqu_admin_backend\target\classes started by 14253 in E:\testJava\xianqu_uniapp\xianqu_admin_backend)
2026-01-24T01:35:25.654+08:00 DEBUG 35512 --- [xianqu-admin-backend] [           main] c.j.x.AdminBackendApplication            : Running with Spring Boot v3.4.1, Spring v6.2.1
2026-01-24T01:35:25.654+08:00  INFO 35512 --- [xianqu-admin-backend] [           main] c.j.x.AdminBackendApplication            : No active profile set, falling back to 1 default profile: "default"
2026-01-24T01:35:26.435+08:00  INFO 35512 --- [xianqu-admin-backend] [           main] o.s.b.w.embedded.tomcat.TomcatWebServer  : Tomcat initialized with port 8082 (http)
2026-01-24T01:35:26.446+08:00  INFO 35512 --- [xianqu-admin-backend] [           main] o.apache.catalina.core.StandardService   : Starting service [Tomcat]
2026-01-24T01:35:26.446+08:00  INFO 35512 --- [xianqu-admin-backend] [           main] o.apache.catalina.core.StandardEngine    : Starting Servlet engine: [Apache Tomcat/10.1.34]
2026-01-24T01:35:26.494+08:00  INFO 35512 --- [xianqu-admin-backend] [           main] o.a.c.c.C.[.[localhost].[/admin-api]     : Initializing Spring embedded WebApplicationContext
2026-01-24T01:35:26.496+08:00  INFO 35512 --- [xianqu-admin-backend] [           main] w.s.c.ServletWebServerApplicationContext : Root WebApplicationContext: initialization completed in 802 ms
Logging initialized using 'class org.apache.ibatis.logging.stdout.StdOutImpl' adapter.
Get /198.18.0.1 network interface 
Get network interface info: name:iftype53_32768 (Meta Tunnel)
Initialization Sequence datacenterId:0 workerId:4
 _ _   |_  _ _|_. ___ _ |    _ 
| | |\/|_)(_| | |_\  |_)||_|_\ 
     /               |         
                        3.5.7 
====== PartTimeJobController Initialized ======
2026-01-24T01:35:27.041+08:00 TRACE 35512 --- [xianqu-admin-backend] [           main] s.w.s.m.m.a.RequestMappingHandlerMapping : 
	c.j.x.c.AdminUserController:
	{POST [/admin/user/add]}: addUser(User)
	{POST [/admin/user/list]}: getUserList(AdminUserPageDTO)
	{PUT [/admin/user/{userId}/status]}: updateUserStatus(Long,Integer)
	{POST [/admin/user/login]}: adminLogin(AdminLoginDTO)
2026-01-24T01:35:27.047+08:00 TRACE 35512 --- [xianqu-admin-backend] [           main] s.w.s.m.m.a.RequestMappingHandlerMapping : 
	c.j.x.c.DashboardController:
	{GET [/admin/dashboard/stats]}: getStats()
2026-01-24T01:35:27.048+08:00 TRACE 35512 --- [xianqu-admin-backend] [           main] s.w.s.m.m.a.RequestMappingHandlerMapping : 
	c.j.x.c.GoodsController:
	{GET [/admin/goods/{goodsId}]}: getGoodsDetail(Long)
	{POST [/admin/goods/list]}: getGoodsList(GoodsPageDTO)
	{PUT [/admin/goods/{goodsId}/status]}: updateGoodsStatus(Long,Integer)
2026-01-24T01:35:27.049+08:00 TRACE 35512 --- [xianqu-admin-backend] [           main] s.w.s.m.m.a.RequestMappingHandlerMapping : 
	c.j.x.c.LostFoundController:
	{PUT [/admin/lostfound/{id}/status]}: updateStatus(Long,Integer)
	{DELETE [/admin/lostfound/{id}]}: deleteLostFound(Long)
	{GET [/admin/lostfound/{id}]}: getLostFoundDetail(Long)
	{POST [/admin/lostfound/list]}: getLostFoundList(LostFoundPageDTO)
2026-01-24T01:35:27.051+08:00 TRACE 35512 --- [xianqu-admin-backend] [           main] s.w.s.m.m.a.RequestMappingHandlerMapping : 
	c.j.x.c.NoticeController:
	{DELETE [/admin/notice/{id}]}: delete(Long)
	{POST [/admin/notice/list]}: getList(PageRequestDTO)
	{POST [/admin/notice/send]}: send(Notice)
2026-01-24T01:35:27.052+08:00 TRACE 35512 --- [xianqu-admin-backend] [           main] s.w.s.m.m.a.RequestMappingHandlerMapping : 
	c.j.x.c.PartTimeJobController:
	{DELETE [/admin/part-time/{id}]}: delete(Long)
	{PUT [/admin/part-time/{id}/status]}: updateStatus(Long,Integer)
	{POST [/admin/part-time/list]}: getList(PageRequestDTO)
2026-01-24T01:35:27.053+08:00 TRACE 35512 --- [xianqu-admin-backend] [           main] s.w.s.m.m.a.RequestMappingHandlerMapping : 
	c.j.x.c.PostController:
	{GET [/admin/post/{id}]}: getPostDetail(Long)
	{POST [/admin/post/list]}: getPostList(PostPageDTO)
	{DELETE [/admin/post/{id}]}: deletePost(Long)
2026-01-24T01:35:27.054+08:00 TRACE 35512 --- [xianqu-admin-backend] [           main] s.w.s.m.m.a.RequestMappingHandlerMapping : 
	c.j.x.c.ReportController:
	{PUT [/admin/report/{id}/handle]}: handleReport(Long,Integer,String)
	{POST [/admin/report/list]}: getList(PageRequestDTO)
2026-01-24T01:35:27.055+08:00 TRACE 35512 --- [xianqu-admin-backend] [           main] s.w.s.m.m.a.RequestMappingHandlerMapping : 
	c.j.x.c.SystemController:
	{POST [/admin/system/notice/send]}: sendNotice(NoticeRequest)
2026-01-24T01:35:27.057+08:00 TRACE 35512 --- [xianqu-admin-backend] [           main] s.w.s.m.m.a.RequestMappingHandlerMapping : 
	o.s.b.a.w.s.e.BasicErrorController:
	{ [/error]}: error(HttpServletRequest)
	{ [/error], produces [text/html]}: errorHtml(HttpServletRequest,HttpServletResponse)
2026-01-24T01:35:27.059+08:00 DEBUG 35512 --- [xianqu-admin-backend] [           main] s.w.s.m.m.a.RequestMappingHandlerMapping : 26 mappings in 'requestMappingHandlerMapping'
2026-01-24T01:35:27.221+08:00  WARN 35512 --- [xianqu-admin-backend] [           main] ConfigServletWebServerApplicationContext : Exception encountered during context initialization - cancelling refresh attempt: org.springframework.context.ApplicationContextException: Failed to start bean 'webServerStartStop'
2026-01-24T01:35:27.231+08:00  INFO 35512 --- [xianqu-admin-backend] [           main] .s.b.a.l.ConditionEvaluationReportLogger : 

Error starting ApplicationContext. To display the condition evaluation report re-run your application with 'debug' enabled.
2026-01-24T01:35:27.242+08:00 ERROR 35512 --- [xianqu-admin-backend] [           main] o.s.b.d.LoggingFailureAnalysisReporter   : 

***************************
APPLICATION FAILED TO START
***************************

Description:

Web server failed to start. Port 8082 was already in use.

Action:

Identify and stop the process that's listening on port 8082 or configure this application to listen on another port.

[INFO] ------------------------------------------------------------------------
[INFO] BUILD FAILURE
[INFO] ------------------------------------------------------------------------
[INFO] Total time:  3.652 s
[INFO] Finished at: 2026-01-24T01:35:27+08:00
[INFO] ------------------------------------------------------------------------
[ERROR] Failed to execute goal org.springframework.boot:spring-boot-maven-plugin:3.4.1:run (default-cli) on project xianqu_admin_backend: Process terminated with exit code: 1 -> [Help 1]
[ERROR] 
[ERROR] To see the full stack trace of the errors, re-run Maven with the -e switch.
[ERROR] Re-run Maven using the -X switch to enable full debug logging.
[ERROR] 
[ERROR] For more information about the errors and possible solutions, please read the following articles:
[ERROR] [Help 1] http://cwiki.apache.org/confluence/display/MAVEN/MojoExecutionException
