[INFO] Scanning for projects...
[INFO] 
[INFO] --------------------< com.jin:xianqu_admin_backend >--------------------
[INFO] Building xianqu_admin_backend 0.0.1-SNAPSHOT
[INFO]   from pom.xml
[INFO] --------------------------------[ jar ]---------------------------------
[INFO] 
[INFO] >>> spring-boot:3.4.1:run (default-cli) > test-compile @ xianqu_admin_backend >>>
[INFO] 
[INFO] --- resources:3.3.1:resources (default-resources) @ xianqu_admin_backend ---
[INFO] Copying 1 resource from src\main\resources to target\classes
[INFO] Copying 1 resource from src\main\resources to target\classes
[INFO] 
[INFO] --- compiler:3.13.0:compile (default-compile) @ xianqu_admin_backend ---
[INFO] Nothing to compile - all classes are up to date.
[INFO] 
[INFO] --- resources:3.3.1:testResources (default-testResources) @ xianqu_admin_backend ---
[INFO] skip non existing resourceDirectory E:\testJava\xianqu_uniapp\xianqu_admin_backend\src\test\resources
[INFO] 
[INFO] --- compiler:3.13.0:testCompile (default-testCompile) @ xianqu_admin_backend ---
[INFO] No sources to compile
[INFO] 
[INFO] <<< spring-boot:3.4.1:run (default-cli) < test-compile @ xianqu_admin_backend <<<
[INFO] 
[INFO] 
[INFO] --- spring-boot:3.4.1:run (default-cli) @ xianqu_admin_backend ---
[INFO] Attaching agents: []

  .   ____          _            __ _ _
 /\\ / ___'_ __ _ _(_)_ __  __ _ \ \ \ \
( ( )\___ | '_ | '_| | '_ \/ _` | \ \ \ \
 \\/  ___)| |_)| | | | | || (_| |  ) ) ) )
  '  |____| .__|_| |_|_| |_\__, | / / / /
 =========|_|==============|___/=/_/_/_/

 :: Spring Boot ::                (v3.4.1)

2026-01-24T01:31:35.768+08:00  INFO 32352 --- [xianqu-admin-backend] [           main] c.j.x.AdminBackendApplication            : Starting AdminBackendApplication using Java 23.0.1 with PID 32352 (E:\testJava\xianqu_uniapp\xianqu_admin_backend\target\classes started by 14253 in E:\testJava\xianqu_uniapp\xianqu_admin_backend)
2026-01-24T01:31:35.770+08:00 DEBUG 32352 --- [xianqu-admin-backend] [           main] c.j.x.AdminBackendApplication            : Running with Spring Boot v3.4.1, Spring v6.2.1
2026-01-24T01:31:35.771+08:00  INFO 32352 --- [xianqu-admin-backend] [           main] c.j.x.AdminBackendApplication            : No active profile set, falling back to 1 default profile: "default"
2026-01-24T01:31:36.544+08:00  INFO 32352 --- [xianqu-admin-backend] [           main] o.s.b.w.embedded.tomcat.TomcatWebServer  : Tomcat initialized with port 8082 (http)
2026-01-24T01:31:36.559+08:00  INFO 32352 --- [xianqu-admin-backend] [           main] o.apache.catalina.core.StandardService   : Starting service [Tomcat]
2026-01-24T01:31:36.559+08:00  INFO 32352 --- [xianqu-admin-backend] [           main] o.apache.catalina.core.StandardEngine    : Starting Servlet engine: [Apache Tomcat/10.1.34]
2026-01-24T01:31:36.616+08:00  INFO 32352 --- [xianqu-admin-backend] [           main] o.a.c.c.C.[.[localhost].[/admin-api]     : Initializing Spring embedded WebApplicationContext
2026-01-24T01:31:36.616+08:00  INFO 32352 --- [xianqu-admin-backend] [           main] w.s.c.ServletWebServerApplicationContext : Root WebApplicationContext: initialization completed in 804 ms
Logging initialized using 'class org.apache.ibatis.logging.stdout.StdOutImpl' adapter.
Get /198.18.0.1 network interface 
Get network interface info: name:iftype53_32768 (Meta Tunnel)
Initialization Sequence datacenterId:0 workerId:1
 _ _   |_  _ _|_. ___ _ |    _ 
| | |\/|_)(_| | |_\  |_)||_|_\ 
     /               |         
                        3.5.7 
2026-01-24T01:31:37.371+08:00  INFO 32352 --- [xianqu-admin-backend] [           main] o.s.b.w.embedded.tomcat.TomcatWebServer  : Tomcat started on port 8082 (http) with context path '/admin-api'
2026-01-24T01:31:37.377+08:00  INFO 32352 --- [xianqu-admin-backend] [           main] c.j.x.AdminBackendApplication            : Started AdminBackendApplication in 1.908 seconds (process running for 2.179)
[INFO] ------------------------------------------------------------------------
[INFO] BUILD FAILURE
[INFO] ------------------------------------------------------------------------
[INFO] Total time:  05:57 min
[INFO] Finished at: 2026-01-24T01:37:31+08:00
[INFO] ------------------------------------------------------------------------
[ERROR] Failed to execute goal org.springframework.boot:spring-boot-maven-plugin:3.4.1:run (default-cli) on project xianqu_admin_backend: Process terminated with exit code: 1 -> [Help 1]
[ERROR] 
[ERROR] To see the full stack trace of the errors, re-run Maven with the -e switch.
[ERROR] Re-run Maven using the -X switch to enable full debug logging.
[ERROR] 
[ERROR] For more information about the errors and possible solutions, please read the following articles:
[ERROR] [Help 1] http://cwiki.apache.org/confluence/display/MAVEN/MojoExecutionException
