[INFO] Scanning for projects...
[INFO] 
[INFO] --------------------< com.jin:xianqu_admin_backend >--------------------
[INFO] Building xianqu_admin_backend 0.0.1-SNAPSHOT
[INFO]   from pom.xml
[INFO] --------------------------------[ jar ]---------------------------------
[INFO] 
[INFO] --- resources:3.3.1:resources (default-resources) @ xianqu_admin_backend ---
[INFO] Copying 1 resource from src\main\resources to target\classes
[INFO] Copying 1 resource from src\main\resources to target\classes
[INFO] 
[INFO] --- compiler:3.13.0:compile (default-compile) @ xianqu_admin_backend ---
[INFO] Recompiling the module because of changed source code.
[INFO] Compiling 16 source files with javac [debug parameters release 17] to target\classes
[INFO] ------------------------------------------------------------------------
[INFO] BUILD SUCCESS
[INFO] ------------------------------------------------------------------------
[INFO] Total time:  2.996 s
[INFO] Finished at: 2026-01-21T19:48:20+08:00
[INFO] ------------------------------------------------------------------------
